
> aa20min@0.1.0 start /home/yongha/scratch/aa20min
> react-scripts start

[34mℹ[39m [90m｢wds｣[39m: Project is running at http://192.168.29.168/
[34mℹ[39m [90m｢wds｣[39m: webpack output is served from 
[34mℹ[39m [90m｢wds｣[39m: Content not from webpack is served from /home/yongha/scratch/aa20min/public
[34mℹ[39m [90m｢wds｣[39m: 404s will fallback to /
Starting the development server...

Failed to compile.

./src/App.js
Module not found: Can't resolve 'mapbox-gl' in '/home/yongha/scratch/aa20min/src'
Compiling...
